../Core/Src/gameLogic.c:23:7:randomFloat	24	static
../Core/Src/gameLogic.c:36:6:initPolygon	32	static
../Core/Src/gameLogic.c:50:6:addPolygon	16	static
../Core/Src/gameLogic.c:60:6:removePolygon	24	static
../Core/Src/gameLogic.c:76:6:initPolygons	112	static
../Core/Src/gameLogic.c:99:6:freePolygons	16	static
../Core/Src/gameLogic.c:106:6:initPlayer	4	static
../Core/Src/gameLogic.c:117:6:initEnemy	8	static
../Core/Src/gameLogic.c:129:6:movePlayer	48	static
../Core/Src/gameLogic.c:153:6:rotatePlayer	16	static
../Core/Src/gameLogic.c:163:6:drawAmmo	40	static
../Core/Src/gameLogic.c:170:6:drawScore	48	static
../Core/Src/gameLogic.c:177:6:drawHealth	40	static
../Core/Src/gameLogic.c:184:6:drawArmor	40	static
../Core/Src/gameLogic.c:191:6:startNewGame	16	static
../Core/Src/gameLogic.c:197:6:gameLoop	176	static
